---
source: src/banks/revolut.rs
expression: "Revolut::parse(\"Neon\", TRANSACTIONS.to_string()).unwrap()"
---
ParsedAccount {
    ledgers: [
        Ledger {
            name: "Neon",
            symbol: Currency(
                CHF,
            ),
            records: [
                LedgerRecord {
                    date: 2023-01-02,
                    amount: -7.5,
                    description: "migrolino",
                    category: "CARD_PAYMENT",
                },
                LedgerRecord {
                    date: 2023-01-05,
                    amount: 75.0,
                    description: "Auto Top-Up by *0382",
                    category: "TOPUP",
                },
                LedgerRecord {
                    date: 2023-01-06,
                    amount: -19.74,
                    description: "CCBill",
                    category: "CARD_PAYMENT",
                },
                LedgerRecord {
                    date: 2023-01-08,
                    amount: -7.44,
                    description: "GitHub",
                    category: "CARD_PAYMENT",
                },
                LedgerRecord {
                    date: 2023-01-18,
                    amount: -6.48,
                    description: "Contabo",
                    category: "CARD_PAYMENT",
                },
                LedgerRecord {
                    date: 2023-01-28,
                    amount: -11.32,
                    description: "Contabo",
                    category: "CARD_PAYMENT",
                },
                LedgerRecord {
                    date: 2023-02-06,
                    amount: -20.02,
                    description: "CCBill",
                    category: "CARD_PAYMENT",
                },
                LedgerRecord {
                    date: 2023-02-08,
                    amount: -18.14,
                    description: "GitHub",
                    category: "CARD_PAYMENT",
                },
                LedgerRecord {
                    date: 2023-02-18,
                    amount: -6.38,
                    description: "Contabo",
                    category: "CARD_PAYMENT",
                },
                LedgerRecord {
                    date: 2023-02-22,
                    amount: 75.0,
                    description: "Auto Top-Up by *0382",
                    category: "TOPUP",
                },
                LedgerRecord {
                    date: 2023-02-28,
                    amount: -11.18,
                    description: "Contabo",
                    category: "CARD_PAYMENT",
                },
                LedgerRecord {
                    date: 2023-03-02,
                    amount: -7.38,
                    description: "Google Cloud",
                    category: "CARD_PAYMENT",
                },
                LedgerRecord {
                    date: 2023-03-07,
                    amount: -19.95,
                    description: "CCBill",
                    category: "CARD_PAYMENT",
                },
                LedgerRecord {
                    date: 2023-03-08,
                    amount: -7.54,
                    description: "GitHub",
                    category: "CARD_PAYMENT",
                },
                LedgerRecord {
                    date: 2023-03-21,
                    amount: -6.44,
                    description: "Contabo",
                    category: "CARD_PAYMENT",
                },
                LedgerRecord {
                    date: 2023-03-25,
                    amount: -30.0,
                    description: "To GARY PETER BYRNE",
                    category: "TRANSFER",
                },
                LedgerRecord {
                    date: 2023-03-25,
                    amount: 75.0,
                    description: "Auto Top-Up by *0382",
                    category: "TOPUP",
                },
                LedgerRecord {
                    date: 2023-03-28,
                    amount: -11.25,
                    description: "Contabo",
                    category: "CARD_PAYMENT",
                },
                LedgerRecord {
                    date: 2023-04-02,
                    amount: -12.5,
                    description: "Google Cloud",
                    category: "CARD_PAYMENT",
                },
                LedgerRecord {
                    date: 2023-04-06,
                    amount: -19.88,
                    description: "CCBill",
                    category: "CARD_PAYMENT",
                },
                LedgerRecord {
                    date: 2023-04-18,
                    amount: -6.37,
                    description: "Contabo",
                    category: "CARD_PAYMENT",
                },
                LedgerRecord {
                    date: 2023-05-07,
                    amount: -19.54,
                    description: "CCBill",
                    category: "CARD_PAYMENT",
                },
                LedgerRecord {
                    date: 2023-06-06,
                    amount: -19.5,
                    description: "CCBill",
                    category: "CARD_PAYMENT",
                },
                LedgerRecord {
                    date: 2023-07-08,
                    amount: -14.9,
                    description: "Sky",
                    category: "CARD_PAYMENT",
                },
                LedgerRecord {
                    date: 2023-08-02,
                    amount: -7.0,
                    description: "Google Cloud",
                    category: "CARD_PAYMENT",
                },
                LedgerRecord {
                    date: 2023-08-22,
                    amount: -8.8,
                    description: "Exchanged to USD",
                    category: "EXCHANGE",
                },
                LedgerRecord {
                    date: 2023-09-02,
                    amount: -7.75,
                    description: "Google Cloud",
                    category: "CARD_PAYMENT",
                },
                LedgerRecord {
                    date: 2023-09-12,
                    amount: -7.45,
                    description: "Gst",
                    category: "CARD_PAYMENT",
                },
                LedgerRecord {
                    date: 2023-09-12,
                    amount: -4.94,
                    description: "Confiteria Antojos",
                    category: "CARD_PAYMENT",
                },
                LedgerRecord {
                    date: 2023-10-24,
                    amount: -1.45,
                    description: "Coop",
                    category: "CARD_PAYMENT",
                },
            ],
            kind: Bank,
        },
    ],
}
